0 verbose cli C:\nvm4w\nodejs\node.exe C:\nvm4w\nodejs\node_modules\npm\bin\npm-cli.js
1 info using npm@10.9.2
2 info using node@v22.14.0
3 silly config load:file:G:\nvm\v22.14.0\node_modules\npm\npmrc
4 silly config load:file:C:\Users\C\AppData\Local\Microsoft\TypeScript\5.9\.npmrc
5 silly config load:file:C:\Users\C\.npmrc
6 silly config load:file:G:\node.js\node_global\etc\npmrc
7 verbose title npm install types-registry@latest
8 verbose argv "install" "--ignore-scripts" "types-registry@latest"
9 verbose logfile logs-max:10 dir:F:\SillyTavern\.npm-cache\_logs\2025-11-20T06_22_06_035Z-
10 verbose logfile F:\SillyTavern\.npm-cache\_logs\2025-11-20T06_22_06_035Z-debug-0.log
11 silly logfile start cleaning logs, removing 1 files
12 silly packumentCache heap:4345298944 maxSize:1086324736 maxEntrySize:543162368
13 silly logfile done cleaning log files
14 silly packumentCache corgi:https://registry.npmmirror.com/types-registry cache-miss
15 http fetch GET 200 https://registry.npmmirror.com/types-registry 223ms (cache revalidated)
16 silly packumentCache corgi:https://registry.npmmirror.com/types-registry set size:444275 disposed:false
17 silly idealTree buildDeps
18 silly fetch manifest types-registry@0.1.746
19 silly packumentCache full:https://registry.npmmirror.com/types-registry cache-miss
20 http fetch GET 200 https://registry.npmmirror.com/types-registry 53ms (cache revalidated)
21 silly packumentCache full:https://registry.npmmirror.com/types-registry set size:1203686 disposed:false
22 silly placeDep ROOT types-registry@0.1.746 REPLACE for:  want: 0.1.746
23 silly reify moves {}
24 silly audit bulk request {
24 silly audit   '@types/body-parser': [ '1.19.6' ],
24 silly audit   '@types/connect': [ '3.4.38' ],
24 silly audit   '@types/cors': [ '2.8.19' ],
24 silly audit   '@types/express': [ '5.0.5' ],
24 silly audit   '@types/express-serve-static-core': [ '5.1.0' ],
24 silly audit   '@types/http-errors': [ '2.0.5' ],
24 silly audit   '@types/mime': [ '1.3.5' ],
24 silly audit   '@types/multer': [ '2.0.0' ],
24 silly audit   '@types/node': [ '24.10.1' ],
24 silly audit   '@types/qs': [ '6.14.0' ],
24 silly audit   '@types/range-parser': [ '1.2.7' ],
24 silly audit   '@types/react': [ '19.2.4' ],
24 silly audit   '@types/send': [ '1.2.1', '0.17.6' ],
24 silly audit   '@types/serve-static': [ '1.15.10' ],
24 silly audit   csstype: [ '3.1.3' ],
24 silly audit   'undici-types': [ '7.16.0' ],
24 silly audit   'types-registry': [ '0.1.746' ]
24 silly audit }
25 http fetch POST 404 https://registry.npmmirror.com/-/npm/v1/security/advisories/bulk 40ms
26 silly audit bulk request failed [object Object]
27 http fetch POST 404 https://registry.npmmirror.com/-/npm/v1/security/audits/quick 38ms
28 verbose audit error HttpErrorGeneral: 404 Not Found - POST https://registry.npmmirror.com/-/npm/v1/security/audits/quick - [NOT_IMPLEMENTED] /-/npm/v1/security/* not implemented yet
28 verbose audit error     at G:\nvm\v22.14.0\node_modules\npm\node_modules\npm-registry-fetch\lib\check-response.js:103:15
28 verbose audit error     at process.processTicksAndRejections (node:internal/process/task_queues:105:5)
28 verbose audit error     at async [getReport] (G:\nvm\v22.14.0\node_modules\npm\node_modules\@npmcli\arborist\lib\audit-report.js:336:21)
28 verbose audit error     at async AuditReport.run (G:\nvm\v22.14.0\node_modules\npm\node_modules\@npmcli\arborist\lib\audit-report.js:106:19)
28 verbose audit error     at async Arborist.reify (G:\nvm\v22.14.0\node_modules\npm\node_modules\@npmcli\arborist\lib\arborist\reify.js:268:24)
28 verbose audit error     at async Install.exec (G:\nvm\v22.14.0\node_modules\npm\lib\commands\install.js:150:5)
28 verbose audit error     at async Npm.exec (G:\nvm\v22.14.0\node_modules\npm\lib\npm.js:207:9)
28 verbose audit error     at async module.exports (G:\nvm\v22.14.0\node_modules\npm\lib\cli\entry.js:74:5) {
28 verbose audit error   headers: [Object: null prototype] {
28 verbose audit error     server: [ 'Tengine' ],
28 verbose audit error     date: [ 'Thu, 20 Nov 2025 06:22:16 GMT' ],
28 verbose audit error     'content-type': [ 'application/json' ],
28 verbose audit error     'transfer-encoding': [ 'chunked' ],
28 verbose audit error     connection: [ 'keep-alive' ],
28 verbose audit error     'strict-transport-security': [ 'max-age=5184000' ],
28 verbose audit error     via: [ 'kunlun14.cn7140[,404666]' ],
28 verbose audit error     'timing-allow-origin': [ '*' ],
28 verbose audit error     eagleid: [ '6f035b2217636197362733308e' ],
28 verbose audit error     'x-fetch-attempts': [ '1' ]
28 verbose audit error   },
28 verbose audit error   statusCode: 404,
28 verbose audit error   code: 'E404',
28 verbose audit error   method: 'POST',
28 verbose audit error   uri: 'https://registry.npmmirror.com/-/npm/v1/security/audits/quick',
28 verbose audit error   body: {
28 verbose audit error     error: '[NOT_IMPLEMENTED] /-/npm/v1/security/* not implemented yet'
28 verbose audit error   },
28 verbose audit error   pkgid: undefined
28 verbose audit error }
29 silly audit error [object Object]
30 silly audit report null
31 verbose cwd C:\Users\C\AppData\Local\Microsoft\TypeScript\5.9
32 verbose os Windows_NT 10.0.19045
33 verbose node v22.14.0
34 verbose npm  v10.9.2
35 verbose exit 0
36 info ok
