0 verbose cli C:\nvm4w\nodejs\node.exe C:\nvm4w\nodejs\node_modules\npm\bin\npm-cli.js
1 info using npm@10.9.2
2 info using node@v22.14.0
3 silly config load:file:G:\nvm\v22.14.0\node_modules\npm\npmrc
4 silly config load:file:C:\Users\C\AppData\Local\Microsoft\TypeScript\5.9\.npmrc
5 silly config load:file:C:\Users\C\.npmrc
6 silly config load:file:G:\node.js\node_global\etc\npmrc
7 verbose title npm install types-registry@latest
8 verbose argv "install" "--ignore-scripts" "types-registry@latest"
9 verbose logfile logs-max:10 dir:F:\SillyTavern\.npm-cache\_logs\2025-11-25T15_57_48_489Z-
10 verbose logfile F:\SillyTavern\.npm-cache\_logs\2025-11-25T15_57_48_489Z-debug-0.log
11 silly logfile start cleaning logs, removing 1 files
12 silly logfile done cleaning log files
13 silly packumentCache heap:4345298944 maxSize:1086324736 maxEntrySize:543162368
14 silly packumentCache corgi:https://registry.npmmirror.com/types-registry cache-miss
15 http fetch GET 200 https://registry.npmmirror.com/types-registry 226ms (cache updated)
16 silly packumentCache corgi:https://registry.npmmirror.com/types-registry set size:150174 disposed:false
17 silly idealTree buildDeps
18 silly fetch manifest types-registry@0.1.747
19 silly packumentCache full:https://registry.npmmirror.com/types-registry cache-miss
20 http fetch GET 200 https://registry.npmmirror.com/npm 334ms
21 http fetch GET 200 https://registry.npmmirror.com/types-registry 103ms (cache updated)
22 silly packumentCache full:https://registry.npmmirror.com/types-registry set size:236699 disposed:false
23 silly placeDep ROOT types-registry@0.1.747 REPLACE for:  want: 0.1.747
24 silly reify mark retired [
24 silly reify   'C:\\Users\\C\\AppData\\Local\\Microsoft\\TypeScript\\5.9\\node_modules\\types-registry'
24 silly reify ]
25 silly reify moves {
25 silly reify   'C:\\Users\\C\\AppData\\Local\\Microsoft\\TypeScript\\5.9\\node_modules\\types-registry': 'C:\\Users\\C\\AppData\\Local\\Microsoft\\TypeScript\\5.9\\node_modules\\.types-registry-DoZTe34p'
25 silly reify }
26 silly audit bulk request {
26 silly audit   '@types/body-parser': [ '1.19.6' ],
26 silly audit   '@types/connect': [ '3.4.38' ],
26 silly audit   '@types/cors': [ '2.8.19' ],
26 silly audit   '@types/express': [ '5.0.5' ],
26 silly audit   '@types/express-serve-static-core': [ '5.1.0' ],
26 silly audit   '@types/http-errors': [ '2.0.5' ],
26 silly audit   '@types/mime': [ '1.3.5' ],
26 silly audit   '@types/multer': [ '2.0.0' ],
26 silly audit   '@types/node': [ '24.10.1' ],
26 silly audit   '@types/qs': [ '6.14.0' ],
26 silly audit   '@types/range-parser': [ '1.2.7' ],
26 silly audit   '@types/react': [ '19.2.4' ],
26 silly audit   '@types/send': [ '1.2.1', '0.17.6' ],
26 silly audit   '@types/serve-static': [ '1.15.10' ],
26 silly audit   csstype: [ '3.1.3' ],
26 silly audit   'undici-types': [ '7.16.0' ],
26 silly audit   'types-registry': [ '0.1.747' ]
26 silly audit }
27 http cache types-registry@https://registry.npmmirror.com/types-registry/-/types-registry-0.1.747.tgz 1ms (cache hit)
28 silly tarball no local data for types-registry@https://registry.npmmirror.com/types-registry/-/types-registry-0.1.747.tgz. Extracting by manifest.
29 http fetch POST 404 https://registry.npmmirror.com/-/npm/v1/security/advisories/bulk 34ms
30 silly audit bulk request failed [object Object]
31 http fetch POST 404 https://registry.npmmirror.com/-/npm/v1/security/audits/quick 34ms
32 verbose audit error HttpErrorGeneral: 404 Not Found - POST https://registry.npmmirror.com/-/npm/v1/security/audits/quick - [NOT_IMPLEMENTED] /-/npm/v1/security/* not implemented yet
32 verbose audit error     at G:\nvm\v22.14.0\node_modules\npm\node_modules\npm-registry-fetch\lib\check-response.js:103:15
32 verbose audit error     at process.processTicksAndRejections (node:internal/process/task_queues:105:5)
32 verbose audit error     at async [getReport] (G:\nvm\v22.14.0\node_modules\npm\node_modules\@npmcli\arborist\lib\audit-report.js:336:21)
32 verbose audit error     at async AuditReport.run (G:\nvm\v22.14.0\node_modules\npm\node_modules\@npmcli\arborist\lib\audit-report.js:106:19) {
32 verbose audit error   headers: [Object: null prototype] {
32 verbose audit error     server: [ 'Tengine' ],
32 verbose audit error     date: [ 'Tue, 25 Nov 2025 15:57:52 GMT' ],
32 verbose audit error     'content-type': [ 'application/json' ],
32 verbose audit error     'transfer-encoding': [ 'chunked' ],
32 verbose audit error     connection: [ 'keep-alive' ],
32 verbose audit error     'strict-transport-security': [ 'max-age=5184000' ],
32 verbose audit error     via: [ 'kunlun5.cn8010[,404666]' ],
32 verbose audit error     'timing-allow-origin': [ '*' ],
32 verbose audit error     eagleid: [ '7ca0901917640862721627693e' ],
32 verbose audit error     'x-fetch-attempts': [ '1' ]
32 verbose audit error   },
32 verbose audit error   statusCode: 404,
32 verbose audit error   code: 'E404',
32 verbose audit error   method: 'POST',
32 verbose audit error   uri: 'https://registry.npmmirror.com/-/npm/v1/security/audits/quick',
32 verbose audit error   body: {
32 verbose audit error     error: '[NOT_IMPLEMENTED] /-/npm/v1/security/* not implemented yet'
32 verbose audit error   },
32 verbose audit error   pkgid: undefined
32 verbose audit error }
33 silly audit error [object Object]
34 silly audit report null
35 http fetch GET 200 https://cdn.npmmirror.com/packages/types-registry/0.1.747/types-registry-0.1.747.tgz 357ms (cache miss)
36 silly CHANGE node_modules/types-registry
37 verbose cwd C:\Users\C\AppData\Local\Microsoft\TypeScript\5.9
38 verbose os Windows_NT 10.0.19045
39 verbose node v22.14.0
40 verbose npm  v10.9.2
41 notice
41 notice New major version of npm available! 10.9.2 -> 11.6.3
41 notice Changelog: https://github.com/npm/cli/releases/tag/v11.6.3
41 notice To update run: npm install -g npm@11.6.3
41 notice  { force: true, [Symbol(proc-log.meta)]: true }
42 verbose exit 0
43 info ok
